Removed Member From Class: ClassName=board Member=U1
Change Component Designator: OldDesignator=R3 NewDesignator=R9
Change Component Designator: OldDesignator=R7 NewDesignator=R13
Change Component Designator: OldDesignator=U3 NewDesignator=U6
Added Component: Designator=C?(CAPC1206(3216)150_N)
Add component (AddParameter): Name = "Case-EIA"; Value = "1206"; VariantName = "[No Variations]"
Add component (AddParameter): Name = "Case-Metric"; Value = "3216"; VariantName = "[No Variations]"
Add component (AddParameter): Name = "Max Thickness"; Value = "1.45 mm"; VariantName = "[No Variations]"
Add component (AddParameter): Name = "Rated Voltage"; Value = "100 V"; VariantName = "[No Variations]"
Add component (AddParameter): Name = "Technology"; Value = "SMT"; VariantName = "[No Variations]"
Add component (AddParameter): Name = "Tolerance"; Value = "±10%"; VariantName = "[No Variations]"
Add component (AddParameter): Name = "Value"; Value = "100nF"; VariantName = "[No Variations]"
Added Pin To Net: NetName=+5 Pin=C?-1
Added Pin To Net: NetName=GND Pin=C?-2
Added Member To Class: ClassName=board Member=Component C? CAP 100nF 100V 1206(3216)
Added Member To Class: ClassName=sensor Member=Component R3 RNCP1206FTD200R
Added Member To Class: ClassName=sensor Member=Component R4 RNCP1206FTD200R
Added Member To Class: ClassName=sensor Member=Component R5 CRGCQ1206J10K
Added Member To Class: ClassName=sensor Member=Component R6 CRGCQ1206J10K
Added Member To Class: ClassName=sensor Member=Component R7 CRGCQ1206J10K
Added Member To Class: ClassName=sensor Member=Component R8 CRGCQ1206J10K
Added Member To Class: ClassName=sensor Member=Component R9 RNCP1206FTD200R
Added Member To Class: ClassName=sensor Member=Component R10 RNCP1206FTD200R
Added Member To Class: ClassName=sensor Member=Component R11 RNCP1206FTD200R
Added Member To Class: ClassName=sensor Member=Component R12 RNCP1206FTD200R
Added Member To Class: ClassName=sensor Member=Component R13 CRGCQ1206J10K
Added Member To Class: ClassName=sensor Member=Component R14 CRGCQ1206J10K
Added Member To Class: ClassName=sensor Member=Component R15 CRGCQ1206J10K
Added Member To Class: ClassName=sensor Member=Component R16 CRGCQ1206J10K
Added Member To Class: ClassName=sensor Member=Component R17 RNCP1206FTD200R
Added Member To Class: ClassName=sensor Member=Component R18 RNCP1206FTD200R
Added Member To Class: ClassName=sensor Member=Component R19 RNCP1206FTD200R
Added Member To Class: ClassName=sensor Member=Component R20 CRGCQ1206J10K
Added Member To Class: ClassName=sensor Member=Component R21 CRGCQ1206J10K
Added Member To Class: ClassName=sensor Member=Component R22 CRGCQ1206J10K
Added Member To Class: ClassName=sensor Member=Component R23 RNCP1206FTD200R
Added Member To Class: ClassName=sensor Member=Component R24 RNCP1206FTD200R
Added Member To Class: ClassName=sensor Member=Component R25 RNCP1206FTD200R
Added Member To Class: ClassName=sensor Member=Component R26 CRGCQ1206J10K
Added Member To Class: ClassName=sensor Member=Component R27 CRGCQ1206J10K
Added Member To Class: ClassName=sensor Member=Component R28 CRGCQ1206J10K
Added Member To Class: ClassName=board Member=Component R29 150R 5% 0603(1608)
Added Member To Class: ClassName=sensor Member=Component U2 QRE1113GR
Added Member To Class: ClassName=sensor Member=Component U3 QRE1113GR
Added Member To Class: ClassName=sensor Member=Component U4 QRE1113GR
Added Member To Class: ClassName=sensor Member=Component U5 QRE1113GR
Added Member To Class: ClassName=sensor Member=Component U6 QRE1113GR
Added Member To Class: ClassName=sensor Member=Component U7 QRE1113GR
Added Member To Class: ClassName=sensor Member=Component U8 QRE1113GR
Added Member To Class: ClassName=sensor Member=Component U9 QRE1113GR
Added Member To Class: ClassName=sensor Member=Component U10 QRE1113GR
Added Member To Class: ClassName=sensor Member=Component U11 QRE1113GR
Added Member To Class: ClassName=sensor Member=Component U12 QRE1113GR
Added Member To Class: ClassName=sensor Member=Component U13 QRE1113GR
Added Member To Class: ClassName=sensor Member=Component U14 QRE1113GR
Added Member To Class: ClassName=board Member=Component U15 CD74HC4067M96
