Added Member To Class: ClassName=board Member=Component J? TSW-108-08-G-S
Added Member To Class: ClassName=board Member=Component LED? 2V 20mA 0603 Red
Added Member To Class: ClassName=sensor Member=Component R1 RNCP1206FTD200R
Added Member To Class: ClassName=sensor Member=Component R2 RNCP1206FTD200R
Added Member To Class: ClassName=sensor Member=Component R3 RNCP1206FTD200R
Added Member To Class: ClassName=sensor Member=Component R4 RNCP1206FTD200R
Added Member To Class: ClassName=sensor Member=Component R5 SR1206FR-7W22RL
Added Member To Class: ClassName=sensor Member=Component R6 SR1206FR-7W22RL
Added Member To Class: ClassName=sensor Member=Component R7 SR1206FR-7W22RL
Added Member To Class: ClassName=sensor Member=Component R8 SR1206FR-7W22RL
Added Member To Class: ClassName=sensor Member=Component R9 RMCF1206JG220R
Added Member To Class: ClassName=sensor Member=Component R10 RMCF1206JG220R
Added Member To Class: ClassName=sensor Member=Component R11 RMCF1206JG220R
Added Member To Class: ClassName=sensor Member=Component R12 RMCF1206JG220R
Added Member To Class: ClassName=sensor Member=Component R13 RNCP1206FTD200R
Added Member To Class: ClassName=sensor Member=Component R14 RNCP1206FTD200R
Added Member To Class: ClassName=sensor Member=Component R15 RNCP1206FTD200R
Added Member To Class: ClassName=sensor Member=Component R16 RNCP1206FTD200R
Added Member To Class: ClassName=sensor Member=Component R17 SR1206FR-7W22RL
Added Member To Class: ClassName=sensor Member=Component R18 SR1206FR-7W22RL
Added Member To Class: ClassName=sensor Member=Component R19 SR1206FR-7W22RL
Added Member To Class: ClassName=sensor Member=Component R20 SR1206FR-7W22RL
Added Member To Class: ClassName=sensor Member=Component R21 RMCF1206JG220R
Added Member To Class: ClassName=sensor Member=Component R22 RMCF1206JG220R
Added Member To Class: ClassName=sensor Member=Component R23 RMCF1206JG220R
Added Member To Class: ClassName=sensor Member=Component R24 RMCF1206JG220R
Added Member To Class: ClassName=sensor Member=Component R25 RNCP1206FTD200R
Added Member To Class: ClassName=sensor Member=Component R26 RNCP1206FTD200R
Added Member To Class: ClassName=sensor Member=Component R27 RNCP1206FTD200R
Added Member To Class: ClassName=sensor Member=Component R28 SR1206FR-7W22RL
Added Member To Class: ClassName=sensor Member=Component R29 SR1206FR-7W22RL
Added Member To Class: ClassName=sensor Member=Component R30 SR1206FR-7W22RL
Added Member To Class: ClassName=sensor Member=Component R31 RMCF1206JG220R
Added Member To Class: ClassName=sensor Member=Component R32 RMCF1206JG220R
Added Member To Class: ClassName=sensor Member=Component R33 RMCF1206JG220R
Added Member To Class: ClassName=sensor Member=Component R34 RNCP1206FTD200R
Added Member To Class: ClassName=sensor Member=Component R35 RNCP1206FTD200R
Added Member To Class: ClassName=sensor Member=Component R36 RNCP1206FTD200R
Added Member To Class: ClassName=sensor Member=Component R37 SR1206FR-7W22RL
Added Member To Class: ClassName=sensor Member=Component R38 SR1206FR-7W22RL
Added Member To Class: ClassName=sensor Member=Component R39 SR1206FR-7W22RL
Added Member To Class: ClassName=sensor Member=Component R40 RMCF1206JG220R
Added Member To Class: ClassName=sensor Member=Component R41 RMCF1206JG220R
Added Member To Class: ClassName=sensor Member=Component R42 RMCF1206JG220R
Added Member To Class: ClassName=board Member=Component R? 150R 5% 0603(1608)
Added Member To Class: ClassName=sensor Member=Component U1 QRE1113GR
Added Member To Class: ClassName=sensor Member=Component U2 QRE1113GR
Added Member To Class: ClassName=sensor Member=Component U3 QRE1113GR
Added Member To Class: ClassName=sensor Member=Component U4 QRE1113GR
Added Member To Class: ClassName=sensor Member=Component U5 QRE1113GR
Added Member To Class: ClassName=sensor Member=Component U6 QRE1113GR
Added Member To Class: ClassName=sensor Member=Component U7 QRE1113GR
Added Member To Class: ClassName=sensor Member=Component U8 QRE1113GR
Added Member To Class: ClassName=sensor Member=Component U9 QRE1113GR
Added Member To Class: ClassName=sensor Member=Component U10 QRE1113GR
Added Member To Class: ClassName=sensor Member=Component U11 QRE1113GR
Added Member To Class: ClassName=sensor Member=Component U12 QRE1113GR
Added Member To Class: ClassName=sensor Member=Component U13 QRE1113GR
Added Member To Class: ClassName=sensor Member=Component U14 QRE1113GR
Added Member To Class: ClassName=board Member=Component U15 CD74HC4067M96
